
> masqani-poa@0.0.0 build
> vite build

[36mvite v6.4.1 [32mbuilding for production...[36m[39m
node.exe : 
At line:1 char:1
+ & "C:\Program Files\
nodejs/node.exe" 
"C:\Program 
Files\nodejs/node_mo 
...
+ ~~~~~~~~~~~~~~~~~~~~
~~~~~~~~~~~~~~~~~~~~~~
~~~~~~~~~~~~~~~~~~~~~~
~~~~~
    + CategoryInfo    
          : NotSpeci  
  fied: (:String) [   
 ], RemoteExceptio    
n
    + FullyQualifiedE 
   rrorId : NativeCo  
  mmandError
 
/index.css doesn't 
exist at build time, 
it will remain 
unchanged to be 
resolved at runtime
transforming...
[32mΓ£ô[39m 65 modules transformed.
[31mΓ£ù[39m Build 
failed in 8.38s
[31merror during 
build:
[31mcomponents/AuthFl
ow.tsx (4:15): 
"googleProvider" is 
not exported by 
"firebase.ts", 
imported by "component
s/AuthFlow.tsx".[31m
file: [36mC:/Users/US
ER/Downloads/kimana-ho
using-space/components
/AuthFlow.tsx:4:15[31
m
[33m
2: import React, { 
useState } from 
'react';
3: import { UserRole, 
User } from 
'../types';
4: import { auth, 
googleProvider } from 
'../firebase';
                  ^
5: import { 
FirebaseService } 
from '../services/db';
6: import {
[31m
    at getRollupError 
(file:///C:/Users/USER
/Downloads/kimana-hous
ing-space/node_modules
/rollup/dist/es/shared
/parseAst.js:402:41)
    at error (file:///
C:/Users/USER/Download
s/kimana-housing-space
/node_modules/rollup/d
ist/es/shared/parseAst
.js:398:42)
    at Module.error (f
ile:///C:/Users/USER/D
ownloads/kimana-housin
g-space/node_modules/r
ollup/dist/es/shared/n
ode-entry.js:17040:16)
    at 
Module.traceVariable (
file:///C:/Users/USER/
Downloads/kimana-housi
ng-space/node_modules/
rollup/dist/es/shared/
node-entry.js:17452:29
)
    at ModuleScope.fin
dVariable (file:///C:/
Users/USER/Downloads/k
imana-housing-space/no
de_modules/rollup/dist
/es/shared/node-entry.
js:15070:39)
    at ReturnValueScop
e.findVariable (file:/
//C:/Users/USER/Downlo
ads/kimana-housing-spa
ce/node_modules/rollup
/dist/es/shared/node-e
ntry.js:5673:38)
    at FunctionBodySco
pe.findVariable (file:
///C:/Users/USER/Downl
oads/kimana-housing-sp
ace/node_modules/rollu
p/dist/es/shared/node-
entry.js:5673:38)
    at ReturnValueScop
e.findVariable (file:/
//C:/Users/USER/Downlo
ads/kimana-housing-spa
ce/node_modules/rollup
/dist/es/shared/node-e
ntry.js:5673:38)
    at FunctionBodySco
pe.findVariable (file:
///C:/Users/USER/Downl
oads/kimana-housing-sp
ace/node_modules/rollu
p/dist/es/shared/node-
entry.js:5673:38)
    at BlockScope.find
Variable (file:///C:/U
sers/USER/Downloads/ki
mana-housing-space/nod
e_modules/rollup/dist/
es/shared/node-entry.j
s:5673:38)[39m
